input file : examples/tests/basic_vars.mc
return 8
