input file : examples/tests/better_fib.mc
return 203
