input file : examples/tests/bubblesort.mc
return 15
