input file : examples/tests/fact_tail.mc
return 120
