input file : examples/tests/quicksort.mc
return 15
