input file : examples/tests/syscall.mc
hello
return 123
