thread 'main' panicked at 'not yet implemented', backend/src/inst_selection.rs:18:53
note: run with `RUST_BACKTRACE=1` environment variable to display a backtrace
