input file : examples/tests/while_basic.mc
return 192
